[    0.0000] Initializig cgupsubsys puet
[  00000]Inializing cgroup subsys cpu
[    0.000000] Initializing cgroup subsys cpuacct
[    0.000000] Linux version 4.4.0-22-generic (buildd@lgw01-41) (gcc version 5.3.1 20160413 (Ubuntu 5.3.1-14ubuntu2) ) #40-Ubuntu SMP Thu May 12 22:03:46 UTC 2016 (Ubuntu 4.4.0-22.40-generic 4.4.8)
[    0.000000] Command line: BOOT_IMAGE=/boot/vmlinuz-4.4.0-22-generic root=LABEL=cloudimg-rootfs ro console=tty1 console=ttyS0
[    0.000000] KERNEL supported cpus:
[    0.000000]   Intel GenuineIntel
[    0.000000]   AMD AuthenticAMD
[    0.000000]   Centaur CentaurHauls
[    0.000000] x86/fpu: xstate_offset[2]:  576, xstate_sizes[2]:  256
[    0.000000] x86/fpu: Supporting XSAVE feature 0x01: 'x87 floating point registers'
[    0.000000] x86/fpu: Supporting XSAVE feature 0x02: 'SSE registers'
[    0.000000] x86/fpu: Supporting XSAVE feature 0x04: 'AVX registers'
[    0.000000] x86/fpu: Enabled xstate features 0x7, context size is 832 bytes, using 'standard' format.
[    0.000000] x86/fpu: Using 'lazy' FPU context switches.
[    0.000000] e820: BIOS-provided physical RAM map:
[    0.00000 BS-e820[mm 0000000000000-0x000000000009fbff] usable
[    .000000 BOS-e20 [me 0x0000000009f0-00000000000ffff] reerve
    0.000000]BIS-e820 [me 0x00000000f000-0x00000000ffff] reseve
[   0.0000] IOe820:mem x000000000100000-0x00000000dffeffff] usable
[    0.000000] BIOS-e820: [mem 0x00000dff0000-000000dfffff APIdata
[    0.000000] BIOS-e820: [mem 0x00000000fffc0000-0x00000000ffffffff] reserved
[    0.000000] BIOS-e820: [mem 0x0000000100000000-0x000000011f3fffff] usable
[    0.000000] NX (Execute Disable) protection: active
[    0.000000] SMBIOS 2.5 present.
[    0.000000] Hypervisor detected: KVM
[    0.000000] e820: last_pfn = 0x11f400 max_arch_pfn = 0x400000000
[    0.000000] x86/PAT: Configuration [0-7]: WB  WC  UC- UC  WB  WC  UC- WT  
[    0.000000] MTRR: Disabled
[    0.000000] CPU MTRRs all blank - virtualized system.
[    0.000000] e820: last_pfn = 0xdfff0 max_arch_pfn = 0x400000000
[    0.000000] found SMP MP-table at [mem 0x0009fff0-0x0009ffff] mapped at [ffff88000009fff0]
[    0.000000] Scanning 1 areas for low memory corruption
[    0.000000] RAMDISK: [mem 0x371c0000-0x378d7fff]
[    0.000000] ACPI: Early table checksum verification disabled
[    0.000000] ACPI: RSDP 0x00000000000E0000 000024 (02BOX  )
   0.0000] ACPI: XSDT 0x00000000DFFF0030 00003C (v01 VBOX   VBOXXSDT 00000001 ASL  00000061)
[    0.000] CPI FACP 0x000000DFF0F0 004 v0 VBOX  VOXCP 000000 AL  0000061)
[    .00000]ACPI:DSD 0x00000000FFF047 0216 v0 VBX  VBOXBIOS 0000 INTL 2010528)
[   0.00000] ACPI: FACS 0x00000000DFFF0200 000040
[    0.000000] ACPI: FACS 0x00000000DFFF0200 000040
[    0.000000] ACPI: APIC 0x00000000DFFF0240 00005C (v02 VBOX   VBOXAPIC 00000001 ASL  00000061)
[    0.000000] ACPI: SSDT 0x00000000DFFF02A0 0001CC (v01 VBOX   VBOXCPUT 00000002 INTL 20100528)
[    0.000000] No NUMA configuration found
[    0.000000] Faking a node at [mem 0x0000000000000000-0x000000011f3fffff]
[    0.000000] NODE_DATA(0) alcaed [me 011f3f9000-0x11ffdff][   0.00000] kvm-coc: Uin msr 4564d01nd 4b564d00
[   00000] km-clock cu 0, msr 1:1f35001, prmay cpu cck
[   0.000] kv-coc: ing chd ffst of 3086748410cyes
[   .0000] clocksource: kvm-clock: msk 0xfffffffffff mx_ycles 0x1cd42e4dfb, axide_ns:881590591483 ns
[    0.000000] Zone ranges:
[    0.000000]   DMA      [mem 0x0000000000001000-0x0000000000ffffff]
[    0.000000]   DMA32    [mem 0x0000000001000000-0x00000000ffffffff]
[    0.00000  Normal   [me 0x00000010000000-0000000011f3fffff
[   0.00000]   Device   empty
[    0.000000] Movable zone start for each node
[    0.000000] Early memory node anges
[   0.000000]  nde  0: [mem x000000000000x00000000009eff]
  0.0000]  nde   0: me 000000000000-0x00000ffeffff]
[   0000000]  noe   0: [mem 0x0000000100000000-0x000000011f3ffff
[   0.00000]Intmm setupno 0[mem 0x000000010-0x00000011f3ffff
[    0000000]CPI: P-TierIO Port: x4008
[   0.0000] IAPC[]: apc_id 2, version 17, address xfc000, GSI0-3
[   0.000000] ACPI:IN_SRC_OVR bus 0 bus_irq 0 gobal_irq 2 d dfl)
[    0.000000] ACPI: INT_SRCOVR (bus 0 bus_irq 9 global_irq 9 high level)
[   0000000] Using ACPI MAT) fo S confiuration information
[    0.000000 sboot: Allowing 2 Cs, hotplug CPUs

[    .0000] PM: Regisered nav memry: [mm 0x0000000-0x00000fff]
[    0.000000] PM: Registered nosave memory: [mem 0x0009f000-0x0009ffff]
[    0.000000] PM: Registered nosave memory: [mem 0x000a0000-0x000effff]
[    0.000000] PM: egistere nsae memory: [mem 0x000f000-00fffff]
[    0.000000] M:Registredosav memory [mem 0xdfff0000-0xdfffffff]
[    0.000000] PM: Registered nosave memory: [mem 0xe0000000-0xfffbffff]
[    0.000000] PM: Registered nosave memory: [mem 0xfffc0000-0xffffffff]
[    0.000000] e820: [mem 0xe0000000-0xfffbffff] available for PCI devices
[    0.000000] Booting paravirtualized kernel on KVM
[    0.000000] clocksource: refined-jiffies: mask: 0xffffffff max_cycles: 0xffffffff, max_idle_ns: 745190211568 ns
   0.00000 settup_prcu:NRCPU:256 nrcpuask_bit:256 nr_cp_i:2 n_node_is:1
[    0.000000] PERCPU: Embedded 33 pages/cpu @ffff88011f000000 s98008 r8192 d28968 u1048576
[    0.000000]PVqspinlock hashtabl entres: 256(oder:0,406 ytes)
[    0000000] Bil 1onelstsin Nde order mobilitygrupngon Tta pags:02903
[  000000] Policy zoe: Noral
   0.000] Kerel comman lie: OOT_IMAGE=/boot/vmlinuz-4.4.0-22-generic root=LABEL=cloudig-oos r conse=y1 console=ttyS0
[    .0000]ID hashtale entris: 4096 (order: 3 376 bytes)
[   0.000000] Memory: 4023612K/4181560Kavaiable (859K kernel code, 1278K rwdata, 3920 rata, 1480Kni 1292Kbs 17948K serve, K cmareervd)
[    0.00] SLUB: HWaig=6, Order=0-3, MinOjects0,CPs=2, odes=1[  0.000] Hirarchical RCU implementation.
[    0.000000] 	Build-time adjustment of leaf fanout to 64.
[    0.000000] 	RCU restricting CPUs from NR_CPUS=256 to nr_cpu_ids=2.
[    0.000000] RCU: Adjusting geometry for rcu_fanout_leaf=64, nr_cpu_ids=2
[    0.000000] NR_IRQS:16640 nr_irs:4016
[    0.00000 Consle colurVG+ 8025
[    0.00000] onol [tty1 enbl
[   .0000] cosole tt0] enabed[    0.000000] tsc: Detected 2793.532 MHz processor
[    7.274737] Calibrating delay loop (skipped) preset value.. 5587.06 BogoMIPS (lpj=11174128)
[    7.395873] pid_max: default: 32768 minimum: 301
[    7.448675] ACPI: Core revision 20150930
[    7.497929] ACPI: 2 ACPI AML tables successfully acquired and loaded
[    7.553099] Security Framework initialized
[    7.553906] Yama: becoming mindful.
[    7.554534] AppArmor: AppArmor initialized
[    7.599127] Dentry cache hash table entries: 524288 (order: 10, 4194304 bytes)
[    7.677828] Inode-cache hash table entries: 262144 (order: 9, 2097152 bytes)
[    7.736759] Mount-cache hash table entries: 8192 (order: 4, 65536 bytes)
[    7.775146] Mountpoint-cache hash table entries: 8192 (order: 4, 65536 bytes)
[    7.825465] Initializing cgroup subsys io
[    7.826151] Initializing cgroup subsys memory
[    7.826866] Initializing cgroup subsys devices
[    7.827567] Initializing cgroup subsys freezer
[    7.828269] Initializing cgroup subsys net_cls
[    7.862953] Initializing cgroup subsys perf_event
[    7.903802] Initializing cgroup subsys net_prio
[    7.909448] Initializing cgroup subsys hugetlb
[    7.926826] Initializing cgroup subsys pids
[    7.927615] CPU: Physical Processor ID: 0
[    7.928293] CPU: Processor Core ID: 0
[    7.951215] mce: CPU supports 0 MCE banks
[    8.000987] Last level iTLB entries: 4KB 1024, 2MB 1024, 4MB 1024
[    8.015289] Last level dTLB entries: 4KB 1024, 2MB 1024, 4MB 1024, 1GB 4
[    8.017788] Freeing SMP alternatives memory: 28K (ffffffff820b3000 - ffffffff820ba000)
[    8.069057] ftrace: allocating 31906 entries in 125 pages
[    8.130477] smpboot: Max logical packages: 1
[    8.136789] smpboot: APIC(0) Converting physical 0 to logical package 0
[    8.201983] ..TIMER: vector=0x30 apic1=0 pin1=2 apic2=-1 pin2=-1
[    8.404873] smpboot: CPU0: Intel(R) Core(TM) i7-4980HQ CPU @ 2.80GHz (family: 0x6, model: 0x46, stepping: 0x1)
[    8.513827] Performance Events: unsupported p6 CPU model 70 no PMU driver, software events only.
[    8.601322] KVM setup paravirtual spinlock
[    8.604172] x86: Booting SMP configuration:
[    8.652708] .... node  #0, CPUs:      #1
[    8.697657] kvm-clock: cpu 1, msr 1:1f3f5041, secondary cpu clock
[    8.728655] mce: CPU supports 0 MCE banks
[    8.779632] x86: Booted up 1 node, 2 CPUs
[    8.793714] smpboot: Total of 2 processors activated (11174.12 BogoMIPS)
[    8.825165] devtmpfs: initialized
[    8.835251] evm: security.selinux
[    8.873923] evm: security.SMACK64
[    8.896874] evm: security.SMACK64EXEC
[    8.918484] evm: security.SMACK64TRANSMUTE
[    8.936197] evm: security.SMACK64MMAP
[    8.969688] evm: security.ima
[    9.001595] evm: security.capability
[    9.031352] clocksource: jiffies: mask: 0xffffffff max_cycles: 0xffffffff, max_idle_ns: 7645041785100000 ns
[    9.101955] pinctrl core: initialized pinctrl subsystem
[    9.144397] RTC time: 21:14:37, date: 06/10/16
[    9.149847] NET: Registered protocol family 16
[    9.160948] cpuidle: using governor ladder
[    9.181005] cpuidle: using governor menu
[    9.201777] PCCT header not found.
[    9.225100] ACPI: bus type PCI registered
[    9.257839] acpiphp: ACPI Hot Plug PCI Controller Driver version: 0.5
[    9.258948] PCI: Using configuration type 1 for base access
[    9.270022] ACPI: Added _OSI(Module Device)
[    9.272689] ACPI: Added _OSI(Processor Device)
[    9.273603] ACPI: Added _OSI(3.0 _SCP Extensions)
[    9.320752] ACPI: Added _OSI(Processor Aggregator Device)
[    9.342891] ACPI: Executed 1 blocks of module-level executable AML code
[    9.409914] ACPI: Interpreter enabled
[    9.428103] ACPI Exception: AE_NOT_FOUND, While evaluating Sleep State [\_S1_] (20150930/hwxface-580)
[    9.468416] ACPI Exception: AE_NOT_FOUND, While evaluating Sleep State [\_S2_] (20150930/hwxface-580)
[    9.470089] ACPI Exception: AE_NOT_FOUND, While evaluating Sleep State [\_S3_] (20150930/hwxface-580)
[    9.471701] ACPI Exception: AE_NOT_FOUND, While evaluating Sleep State [\_S4_] (20150930/hwxface-580)
[    9.532848] ACPI: (supports S0 S5)
[    9.556514] ACPI: Using IOAPIC for interrupt routing
[    9.573772] PCI: Using host bridge windows from ACPI; if necessary, use "pci=nocrs" and report a bug
[    9.628259] ACPI: PCI Root Bridge [PCI0] (domain 0000 [bus 00-ff])
[    9.680256] acpi PNP0A03:00: _OSC: OS supports [ASPM ClockPM Segments MSI]
[    9.724576] acpi PNP0A03:00: _OSC failed (AE_NOT_FOUND); disabling ASPM
[    9.758278] acpi PNP0A03:00: fail to add MMCONFIG information, can't access extended PCI configuration space under this bridge.
[    9.773292] PCI host bridge to bus 0000:00
[    9.800816] pci_bus 0000:00: root bus resource [io  0x0000-0x0cf7 window]
[    9.817545] pci_bus 0000:00: root bus resource [io  0x0d00-0xffff window]
[    9.844542] pci_bus 0000:00: root bus resource [mem 0x000a0000-0x000bffff window]
[    9.869961] pci_bus 0000:00: root bus resource [mem 0xe0000000-0xffdfffff window]
[    9.879828] pci_bus 0000:00: root bus resource [bus 00-ff]
[    9.903129] pci 0000:00:01.1: legacy IDE quirk: reg 0x10: [io  0x01f0-0x01f7]
[    9.905277] pci 0000:00:01.1: legacy IDE quirk: reg 0x14: [io  0x03f6]
[    9.960125] pci 0000:00:01.1: legacy IDE quirk: reg 0x18: [io  0x0170-0x0177]
[    9.996149] pci 0000:00:01.1: legacy IDE quirk: reg 0x1c: [io  0x0376]
[   10.073436] ACPI: PCI Interrupt Link [LNKA] (IRQs 5 9 10 11) *0, disabled.
[   10.133186] ACPI: PCI Interrupt Link [LNKB] (IRQs 5 9 10 *11)
[   10.182117] ACPI: PCI Interrupt Link [LNKC] (IRQs 5 9 *10 11)
[   10.209283] ACPI: PCI Interrupt Link [LNKD] (IRQs 5 *9 10 11)
[   10.232398] ACPI: Enabled 2 GPEs in block 00 to 07
[   10.253514] vgaarb: setting as boot device: PCI:0000:00:02.0
[   10.254375] vgaarb: device added: PCI:0000:00:02.0,decodes=io+mem,owns=io+mem,locks=none
[   10.262243] vgaarb: loaded
[   10.270535] vgaarb: bridge control possible 0000:00:02.0
[   10.273120] SCSI subsystem initialized
[   10.309759] ACPI: bus type USB registered
[   10.310460] usbcore: registered new interface driver usbfs
[   10.358076] usbcore: registered new interface driver hub
[   10.358935] usbcore: registered new device driver usb
[   10.360187] PCI: Using ACPI for IRQ routing
[   10.361148] NetLabel: Initializing
[   10.361743] NetLabel:  domain hash size = 128
[   10.404784] NetLabel:  protocols = UNLABELED CIPSOv4
[   10.428476] NetLabel:  unlabeled traffic allowed by default
[   10.486051] clocksource: Switched to clocksource kvm-clock
[   10.532155 ApAmo: AppArmr ilysemEnle
  10.27741] pnp:PnACI it[  10696] np PP PI fun 3evce

[ 110412] clocksource: acpi_pm: mask: 0xffffff max_cycles: 0xffffff, max_idle_ns: 2085701024 ns
[   11.618889] NET: Registered protocol family 2

[   .697] CPestblhe has tablentries: 278 orr:6,2644 bte

[   12213560] TCP bindha tble entries: 3268orer7,52428 bes
[ 1260209] CP Hh tale cfigur (stablished 32768 bind 32768)
[   12.979965] UDP hash table entries: 2048 (order: 4, 65536 bytes)
[   19814] DP-te hash table etrs: 04(orer: 4, 55 bytes)
[   13.4075] NE Rgiered protocol family 1
[   13574378]pc0000:0:.0: Limting direct PCI/PCI transfers
[   1.7141] pci 0000:0:1.0: ActiatngIS DMA hngwoarounds
[   14.119296] Trying to unpackrofsimae  iitmf...

[   15.482338] Freeing initrd memory: 7264K (ffff8800371c0000 - ffff8800378d8000)
[   15.534826] PCI-DMA: Using software bounce buffering for IO (SWIOTLB)
[   15.587190] software IO TLB [mem 0xdbff0000-0xdfff0000] (64MB) mapped at [ffff8800dbff0000-ffff8800dffeffff]
[   15.635296] platform rtc_cmos: registered platform RTC device (no PNP device found)
[   15.702774] Scanning for low memory corruption every 60 seconds
[   15.756387] futex hash table entries: 512 (order: 3, 32768 bytes)
[   15.812426] audit: initializing netlink subsys (disabled)
[   15.829896] audit: type=2000 audit(1465593279.003:1): initialized
[   15.835929] Initialise system trusted keyring
[   15.864728] HugeTLB registered 2 MB page size, pre-allocated 0 pages
[   15.908901] zbud: loaded
[   15.936625] VFS: Disk quotas dquot_6.6.0
[   15.985950] VFS: Dquot-cache hash table entries: 512 (order 0, 4096 bytes)
[   16.018832] fuse init (API version 7.23)
[   16.023602] Key type big_key registered
[   16.029333] Allocating IMA MOK and blacklist keyrings.
[   16.031406] Key type asymmetric registered
[   16.032092] Asymmetric key parser 'x509' registered
[   16.032895] Block layer SCSI generic (bsg) driver version 0.4 loaded (major 249)
[   16.034427] io scheduler noop registered
[   16.057615] io scheduler deadline registered (default)
[   16.058502] io scheduler cfq registered
[   16.059279] pci_hotplug: PCI Hot Plug PCI Core version: 0.5
[   16.092634] pciehp: PCI Express Hot Plug Controller Driver version: 0.4
[   16.118557] ACPI: AC Adapter [AC] (on-line)
[   16.138501] input: Power Button as /devices/LNXSYSTM:00/LNXPWRBN:00/input/input0
[   16.155439] ACPI: Power Button [PWRF]
[   16.163658] input: Sleep Button as /devices/LNXSYSTM:00/LNXSLPBN:00/input/input1
[   16.195682] ACPI: Sleep Button [SLPF]
[   16.204980] ACPI: Battery Slot [BAT0] (battery present)
[   16.225070] GHES: HEST is not enabled!
[   16.258329] Serial: 8250/16550 driver, 32 ports, IRQ sharing enabled
[   16.327667] 00:02: ttyS0 at I/O 0x3f8 (irq = 4, base_baud = 115200) is a 16550A
[   16.354793] Linux agpgart interface v0.103
[   16.393544] brd: module loaded
[   16.482684] loop: module loaded
[   16.541672] scsi host0: ata_piix
[   16.605490] scsi host1: ata_piix
[   16.634361] tsc: Refined TSC clocksource calibration: 2794.857 MHz
[   16.634364] clocksource: tsc: mask: 0xffffffffffffffff max_cycles: 0x2849466f04f, max_idle_ns: 440795319567 ns
[   16.742078] ata1: PATA max UDMA/33 cmd 0x1f0 ctl 0x3f6 bmdma 0xd000 irq 14
[   16.803672] ata2: PATA max UDMA/33 cmd 0x170 ctl 0x376 bmdma 0xd008 irq 15
[   16.823064] libphy: Fixed MDIO Bus: probed
[   16.829827] tun: Universal TUN/TAP device driver, 1.6
[   16.853468] tun: (C) 1999-2004 Max Krasnyansky <maxk@qualcomm.com>
[   16.862213] PPP generic driver version 2.4.2
[   16.862979] ehci_hcd: USB 2.0 'Enhanced' Host Controller (EHCI) Driver
[   16.865292] ehci-pci: EHCI PCI platform driver
[   16.866018] ehci-platform: EHCI generic platform driver
[   16.866851] ohci_hcd: USB 1.1 'Open' Host Controller (OHCI) Driver
[   16.867763] ohci-pci: OHCI PCI platform driver
[   16.868473] ohci-platform: OHCI generic platform driver
[   16.888412] uhci_hcd: USB Universal Host Controller Interface driver
[   16.926772] i8042: PNP: PS/2 Controller [PNP0303:PS2K,PNP0f03:PS2M] at 0x60,0x64 irq 1,12
[   16.988835] serio: i8042 KBD port at 0x60,0x64 irq 1
[   17.041717] serio: i8042 AUX port at 0x60,0x64 irq 12
[   17.062618] mousedev: PS/2 mouse device common for all mice
[   17.068203] rtc_cmos rtc_cmos: rtc core: registered rtc_cmos as rtc0
[   17.095628] rtc_cmos rtc_cmos: alarms up to one day, 114 bytes nvram
[   17.143134] i2c /dev entries driver
[   17.155162] input: AT Translated Set 2 keyboard as /devices/platform/i8042/serio0/input/input2
[   17.198969] device-mapper: uevent: version 1.0.3
[   17.233536] device-mapper: ioctl: 4.34.0-ioctl (2015-10-28) initialised: dm-devel@redhat.com
[   17.275030] ledtrig-cpu: registered to indicate activity on CPUs
[   17.319577] NET: Registered protocol family 10
[   17.358948] NET: Registered protocol family 17
[   17.410381] Key type dns_resolver registered
[   17.436273] microcode: CPU0 sig=0x40661, pf=0x40, revision=0x0
[   17.466494] microcode: CPU1 sig=0x40661, pf=0x40, revision=0x0
[   17.515025] microcode: Microcode Update Driver: v2.01 <tigran@aivazian.fsnet.co.uk>, Peter Oruba
[   17.560098] registered taskstats version 1
[   17.595036] Loading compiled-in X.509 certificates
[   17.609991] Loaded X.509 cert 'Build time autogenerated kernel key: 10281ca0c0463cd0680138fff55319c9bd7d63b8'
[   17.616285] zswap: loaded using pool lzo/zbud
[   17.630495] Key type trusted registered
[   17.648058] Key type encrypted registered
[   17.658607] AppArmor: AppArmor sha1 policy hashing enabled
[   17.668035] ima: No TPM chip found, activating TPM-bypass!
[   17.716942] evm: HMAC attrs: 0x1
[   17.719255]   Magic number: 4:148:247
[   17.720381] rtc_cmos rtc_cmos: setting system clock to 2016-06-10 21:14:45 UTC (1465593285)
[   17.722528] BIOS EDD facility v0.16 2004-Jun-25, 0 devices found
[   17.727107] EDD information not available.
[   17.729407] Freeing unused kernel memory: 1480K (ffffffff81f41000 - ffffffff820b3000)
[   17.753266] Write protecting the kernel read-only data: 14336k
[   17.755913] Freeing unused kernel memory: 1868K (ffff88000182d000 - ffff880001a00000)
[   17.757552] Freeing unused kernel memory: 176K (ffff880001dd4000 - ffff880001e00000)
Loading, please wait...
starting version 229
[   17.773619] random: systemd-udevd urandom read with 2 bits of entropy available
[   17.807331] e1000: Intel(R) PRO/1000 Network Driver - version 7.3.21-k8-NAPI
[   17.807334] Fusion MPT base driver 3.04.20
[   17.807334] Copyright (c) 1999-2008 LSI Corporation
[   17.860356] e1000: Copyright (c) 1999-2006 Intel Corporation.
[   17.898267] Fusion MPT SPI Host driver 3.04.20
[   17.941945] AVX version of gcm_enc/dec engaged.
[   17.964931] AES CTR mode by8 optimization enabled
[   18.109024] input: ImExPS/2 Generic Explorer Mouse as /devices/platform/i8042/serio1/input/input4
[   18.341807] e1000 0000:00:03.0 eth0: (PCI:33MHz:32-bit) 02:27:53:60:41:f1
[   18.369745] e1000 0000:00:03.0 eth0: Intel(R) PRO/1000 Network Connection
[   18.429468] e1000 0000:00:03.0 enp0s3: renamed from eth0
[   18.476769] mptbase: ioc0: Initiating bringup
[   18.574224] ioc0: LSI53C1030 A0: Capabilities={Initiator}
[   18.764730] scsi host2: ioc0: LSI53C1030 A0, FwRev=00000000h, Ports=1, MaxQ=256, IRQ=20
[   18.914703] scsi 2:0:0:0: Direct-Access     VBOX     HARDDISK         1.0  PQ: 0 ANSI: 5
[   20.752278] scsi target2:0:0: Beginning Domain Validation
[   20.759982] scsi target2:0:0: Domain Validation skipping write tests
[   20.793190] scsi target2:0:0: Ending Domain Validation
[   20.811385] scsi target2:0:0: asynchronous
[   20.821314] scsi 2:0:1:0: Direct-Access     VBOX     HARDDISK         1.0  PQ: 0 ANSI: 5
[   20.849899] scsi target2:0:1: Beginning Domain Validation
[   20.856618] scsi target2:0:1: Domain Validation skipping write tests
[   20.880657] scsi target2:0:1: Ending Domain Validation
[   21.323067] floppy0: no floppy controllers found
[   21.795634] scsi target2:0:1: asynchronous
[   21.826286] sd 2:0:0:0: Attached scsi generic sg0 type 0
[   21.847133] sd 2:0:0:0: [sda] 20971520 512-byte logical blocks: (10.7 GB/10.0 GiB)
[   21.906663] sd 2:0:1:0: Attached scsi generic sg1 type 0
[   21.906932] sd 2:0:1:0: [sdb] 20480 512-byte logical blocks: (10.5 MB/10.0 MiB)
[   21.907075] sd 2:0:1:0: [sdb] Write Protect is off
[   21.907195] sd 2:0:1:0: [sdb] Incomplete mode parameter data
[   21.907196] sd 2:0:1:0: [sdb] Assuming drive cache: write through
[   21.918793] sd 2:0:0:0: [sda] Write Protect is off
[   21.918929] sd 2:0:0:0: [sda] Incomplete mode parameter data
[   21.918931] sd 2:0:0:0: [sda] Assuming drive cache: write through
[   21.991180]  sda: sda1
[   21.992260] sd 2:0:1:0: [sdb] Attached SCSI disk
[   21.992776] sd 2:0:0:0: [sda] Attached SCSI disk
Begin: Loading e[   23.410756] md: linear personality registered for level -1
ssential drivers[   23.421554] md: multipath personality registered for level -4
 ... [   23.458581] md: raid0 personality registered for level 0
[   23.497970] md: raid1 personality registered for level 1
[   23.602109] raid6: sse2x1   gen()  8593 MB/s
[   23.686498] raid6: sse2x1   xor()  6811 MB/s
[   23.778247] raid6: sse2x2   gen() 10524 MB/s
[   23.862285] raid6: sse2x2   xor()  6594 MB/s
[   23.962141] raid6: sse2x4   gen()  8424 MB/s
[   24.034154] raid6: sse2x4   xor()  4169 MB/s
[   24.048286] raid6: using algorithm sse2x2 gen() 10524 MB/s
[   24.053156] raid6: .... xor() 6594 MB/s, rmw enabled
[   24.071462] raid6: using ssse3x2 recovery algorithm
[   24.073989] xor: automatically using best checksumming function:
[   24.114066]    avx       : 21825.000 MB/sec
[   24.157276] async_tx: api initialized (async)
[   24.185822] md: raid6 personality registered for level 6
[   24.239999] md: raid5 personality registered for level 5
[   24.262865] md: raid4 personality registered for level 4
[   24.315754] md: raid10 personality registered for level 10
done.
Begin: Running /scripts/init-premount ... done.
Begin: Mounting root file system ... Begin: Running /scripts/l[   24.356004] Btrfs loaded
ocal-top ... done.
Begin: Running /scripts/local-premount ... Scanning for Btrfs filesystems
done.
Warning: fsck no[   24.430437] EXT4-fs (sda1): INFO: recovery required on readonly filesystem
t present, so sk[   24.475532] EXT4-fs (sda1): write access will be enabled during recovery
ipping root file system
[   24.580521] EXT4-fs (sda1): orphan cleanup on readonly fs
[   24.583012] EXT4-fs (sda1): 6 orphan inodes deleted
[   24.587605] EXT4-fs (sda1): recovery complete
[   24.592452] EXT4-fs (sda1): mounted filesystem with ordered data mode. Opts: (null)
done.
Begin: Running /scripts/local-bottom ... done.
Begin: Running /scripts/init-bottom ... Warning: overlayroot: debug is busted
done.
[   24.698335] systemd[1]: systemd 229 running in system mode. (+PAM +AUDIT +SELINUX +IMA +APPARMOR +SMACK +SYSVINIT +UTMP +LIBCRYPTSETUP +GCRYPT +GNUTLS +ACL +XZ -LZ4 +SECCOMP +BLKID +ELFUTILS +KMOD -IDN)
[   24.846440] systemd[1]: Detected virtualization oracle.
[   24.914609] systemd[1]: Detected architecture x86-64.

Welcome to [1mUbuntu 16.04 LTS[0m!

[ 249749 system[1: ethotnae to ubtuxeia.
[   25.560312] systemd[1]: Created slice System Slice.
[[0;32m  OK  [0m] Created slice System Slice.
[  25.638445] systemd[1]: Listening on LVM2 metadata daemon socket.
[[0;32m  OK  [0m] Listening on LVM2 metadata daemon socket.
[   25.708493] systemd[1]: Created slice system-getty.slice.
[[0;32m  OK  [0m] Created slice system-getty.slice.
[   25.7230]syted[1]: Reached trget Sap.

[[0;32m  OK  [0m] Reached target Swap.
[   25.962908] systemd[]: Lisenng n VM poll daemon socket.
[[0;32m  OK  [0m] Listening on LVM2 poll daemon socket.
[ 261738 systed[1: stningn urnal ocke.
[[0;32m  OK  [0m] Listening on Journal Socket.
[   26.626764] systemd[1]: Mounting POSIX Message Queue File System...
         Mounting POSIX Message Queue File System...
[   26.698733] systemd[1]: Created slice User and Session Slice.
[[0;32m  OK  [0m] Created slice User and Session Slice.
[   26.7266]sytemd[1]: Litenig n urnal Soke(/dev/log).

[[0;32m  OK  [0m] Listening on Journal Socket (/dev/log).
[   27.130778] systemd[1]: Crat sic ste-srial\x2dtt.sic.
[[0;32m  OK  [0m] Created slice system-serial\x2dgetty.slice.
[ 2754372] sstemd[1]: iseng n Deceaper evt demn FO.
[[0;32m  OK  [0m] Listening on Device-mapper event daemon FIFOs.
[   28.138506] systemd[1]: Mounting Debug File System...
         Mounting Debug File System...
[   28.222584] systemd[1]: Set up automount Arbitrary Executable File Formats File System Automount Point.
[[0;32m  OK  [0m] Set up automount Arbitrary Executab...ats File System Automount Point.
[   28.434361] systemd[1]: Mounting Huge Pages File System...
         Mounting Huge Pages File System...
[   28.476346] systemd[1]: Starting Create list of required static device nodes for the current kernel...
         Starting Create list of required st... nodes for the current kernel...
[  28.603037] sytemd[1]Liteinon/d/inittl CmpibitNamed ipe.

[[0;32m  OK  [0m] Listening on /dev/initctl Compatibility Named Pipe.
[  2.232 sted[]:eachd argetUsr nd Group Nme Lokps

[[0;32m  OK  [0m] Reached target User and Group Name Lookups.
[   29.814498] systemd[1]: Starting Monitoring of LVM2 mirrors, snapshots etc. using dmeventd or progress polling...
         Starting Monitoring of LVM2 mirrors... dmeventd or progress polling...
[   29.978551] systemd[1]: Starting Remount Root and Kernel File Systems...
[   30.023443] random: nonblocking pool is initialized
         [   30.075310] EXT4-fs (sda1): re-mounted. Opts: (null)
Starting Remount Root and Kernel File Systems...
[   30.111918] systemd[1]: Reached target Encrypted Volumes.
[[0;32m  OK  [0m] Reached target Encrypted Volumes.
[   30.134450] systemd[1]: Starting Uncomplicated firewall...
         Starting Uncomplicated firewall...
[   30.218830] systemd[1]: Listening on Journal Audit Sockt.

[[0;32m  OK  [0m] Listening on Journal Audit Socket.
[  300251 sted[]:isenng onSyslog ocket.
[[0;32m  OK  [0m] Listening on Syslog Socket.
[  307274] systemd[1] Liteing on udev erl ocet
[[0;32m  OK  [0m] Listening on udev Kernel Socket.
[  311657 sstd[1: eaedtaet Slies
[[0;32m  OK  [0m] Reached target Slices.
[   31.658507] systemd[1]: Starting Nameserver information manager...
         Starting Nameserver information manager...
[   31.736412] systemd[1]: Starting Journal Service...
         Starting Journal Service...
[   31.78228] sysem[1: Started ForardPawod quests to Wall Directory Watch.
[[0;32m  OK  [0m] Started Forward Password Requests to Wall Directory Watch.
[   32.120434] systemd[1]: Listening on udev Control Socket.
[[0;32m  OK  [0m] Listening on udev Control Socket.
[   32.138777] systemd[1]: Starting Load Kernel Modules...
         Starting Load Kernel Modules...[   32.188781] Loading iSCSI transport class v2.0-870.

[   32.232382] systemd[1]: Mounted Huge Pages File System.
[[0;32m  OK  [0m] Mounted Huge Pages File System.
[   32.261224] systemd[1]: Mounted POSIX Message Queue File System.
[[0;32m  OK  [0[   32.286177] iscsi: registered transport (tcp)
m] Mounted POSIX Message Queue File System.
[   32.310562] systemd[1]: Mounted Debug File System.
[[0;32m  OK  [0[   32.352887] iscsi: registered transport (iser)
m] Mounted Debug File System.
[   32.225]syte[1 Stared Jornl rvice.

[[0;32m  OK  [0m] Started Journal Service.
[[0;32m  OK  [0m] Started Create list of required sta...ce nodes for the current kernel.
[[0;32m  OK  [0m] Started Remount Root and Kernel File Systems.
[[0;32m  OK  [0m] Started Uncomplicated firewall.
[[0;32m  OK  [0m] Started Load Kernel Modules.
[[0;32m  OK  [0m] Started Nameserver information manager.
[[0;32m  OK  [0m] Started LVM2 metadata daemon.
         Mounting FUSE Control File System...
         Starting Apply Kernel Variables...
         Starting udev Coldplug all Devices...
         Starting Load/Save Random Seed...
         Starting Create Static Device Nodes in /dev...
         Starting Flush Journal to Persistent Storage...
[[0;32m  OK  [0m] Mounted FUSE Control File System.
[[0;32m  OK  [0m] Started Apply Kernel Variables.
[[0;32m  OK  [0m] Started Load/Save Random Seed.
[[0;32m  OK  [0m] Started Create Static Device Nodes in /dev.
[[0;32m  OK  [0m] Started udev Coldplug all Devices.
         Starting udev Kernel Device Manager...
[[0;32m  OK  [0m] Started udev Kernel Device Manager.
[[0;32m  OK  [0m] Started Flush Journal to Persistent Storage.
[[0;32m  OK  [0m] Started Dispatch Password Requests to Console Directory Watch.
[[0;32m  OK  [0m] Started Monitoring of LVM2 mirrors,...ng dmeventd or progress polling.
[[0;32m  OK  [0m] Found device /dev/ttyS0.
[[0;32m  OK  [0m] Listening on Load/Save RF Kill Switch Status /dev/rfkill Watch.
[[0;32m  OK  [0m] Reached target Local File Systems (Pre).
[[0;32m  OK  [0m] Reached target Local File Systems.
         Starting Set console keymap...
         Starting Create Volatile Files and Directories...
         Starting LSB: AppArmor initialization...
         Starting Tell Plymouth To Write Out Runtime Data...
         Starting Initial cloud-init job (pre-networking)...
[[0;32m  OK  [0m] Started Set console keymap.
[[0;32m  OK  [0m] Started Create Volatile Files and Directories.
[[0;32m  OK  [0m] Started Tell Plymouth To Write Out Runtime Data.
[[0;32m  OK  [0m] Reached target System Time Synchronized.
         Starting Update UTMP about System Boot/Shutdown...
[[0;32m  OK  [0m] Started LSB: AppArmor initialization.
[[0;32m  OK  [0m] Started Update UTMP about System Boot/Shutdown.
[[0;32m  OK  [0m] Reached target System Initialization.
[[0;32m  OK  [0m] Started Daily apt activities.
[[0;32m  OK  [0m] Listening on ACPID Listen Socket.
[[0;32m  OK  [0m] Started Trigger resolvconf update for networkd DNS.
[[0;32m  OK  [0m] Started Daily Cleanup of Temporary Directories.
[[0;32m  OK  [0m] Reached target Timers.
         Starting LXD - unix socket.
         Starting Socket activation for snappy daemon.
[[0;32m  OK  [0m] Listening on D-Bus System Message Bus Socket.
[[0;32m  OK  [0m] Listening on UUID daemon activation socket.
[[0;32m  OK  [0m] Started ACPI Events Check.
[[0;32m  OK  [0m] Reached target Paths.
[[0;32m  OK  [0m] Listening on LXD - unix socket.
[[0;32m  OK  [0m] Listening on Socket activation for snappy daemon.
[[0;32m  OK  [0m] Reached target Sockets.
[[0;32m  OK  [0m] Reached target Basic System.
         Starting Login Service...
         Starting vboxadd.service...
         Starting System Logging Service...
         Starting LSB: MD monitoring daemon...
         Starting LSB: Record successful boot for GRUB...
         Starting LXD - container startup/shutdown...
[[0;32m  OK  [0m] Started Deferred execution scheduler.
[[0;32m  OK  [0m] Started D-Bus System Message Bus.
         Starting vboxadd-x11.service...
         Starting Accounts Service...
[[0;32m  OK  [0m] Started FUSE filesystem for LXC.
[[0;32m  OK  [0m] Started ACPI event daemon.
[[0;32m  OK  [0m] Started Regular background program processing daemon.
[[0;32m  OK  [0m] Started System Logging Service.
[[0;32m  OK  [0m] Started vboxadd.service.
[[0;32m  OK  [0m] Started LXD - container startup/shutdown.
[[0;32m  OK  [0m] Started vboxadd-x11.service.
[   25.334970] cloud-init[643]: Cloud-init v. 0.7.7 running 'init-local' at Fri, 10 Jun 2016 21:15:02 +0000. Up 24.90 seconds.
[[0;32m  OK  [0m] Started LSB: Record successful boot for GRUB.
[[0;32m  OK  [0m] Started LSB: MD monitoring daemon.
[[0;32m  OK  [0m] Started Initial cloud-init job (pre-networking).
[[0;32m  OK  [0m] Started Login Service.
         Starting Authenticate and Authorize Users to Run Privileged Tasks...
[[0;32m  OK  [0m] Reached target Network (Pre).
         Starting Raise network interfaces...
         Starting vboxadd-service.service...
[[0;32m  OK  [0m] Started vboxadd-service.service.
[[0;32m  OK  [0m] Started Authenticate and Authorize Users to Run Privileged Tasks.
[[0;32m  OK  [0m] Started Accounts Service.
[[0;32m  OK  [0m] Started ifup for enp0s3.
[[0;32m  OK  [0m] Found device 82540EM Gigabit Ethern...r (PRO/1000 MT Desktop Adapter).
[[0;32m  OK  [0m] Started Raise network interfaces.
[[0;32m  OK  [0m] Reached target Network.
         Starting MySQL Community Server...
         Starting Initial cloud-init job (metadata service crawler)...
[   27.464313] cloud-init[1076]: Cloud-init v. 0.7.7 running 'init' at Fri, 10 Jun 2016 21:15:04 +0000. Up 27.10 seconds.
[   27.525441] [cloud-init[0;32m  OK  [0m[1076]: ] ci-info: +++++++++++++++++++++++++++++++++++++Net device info++++++++++++++++++++++++++++++++++++++Started Initial cloud-init job (metadata service crawler).

[   27.525901] cloud-init[1076]: ci-info: +--------+------+----------------------------+---------------+-------+-------------------+[[0;32m  OK  [0m] Reached target Network is Online.

[   27.644994]          cloud-initStarting iSCSI initiator daemon (iscsid)...[1076]: 
ci-info: | Device |  Up  |          Address           |      Mask     | Scope |     Hw-Address    |
[   27.748318] cloud-init[1076]: ci-info: +--------+------+----------------------------+---------------+-------+-------------------+
[   27.748782] cloud-init[1076]: ci-info: | enp0s3 | True |         10.0.2.15          | 255.255.255.0 |   .   | 02:27:53:60:41:f1 |
         Starting /etc/rc.local Compatibility...
[   27.748868] cloud-init[1076]: ci-info: | enp0s3 | True | fe80::27:53ff:fe60:41f1/64 |       .       |  link | 02:27:53:60:41:f1 |
[   28.084659] cloud-init[1076]: ci-info: |   lo   | True |         127.0.0.1          |   255.0.0.0   |   .   |         .         |
[   28.084848] cloud-init[1076]: ci-info: |   lo   | True |          ::1/128           |       .       |  host |         .         |
         Starting OpenBSD Secure Shell server...
[[   28.085003] cloud-init[1076]: ci-info: +--------+------+----------------------------+---------------+-------+-------------------+
[   28.234507] cloud-init[1076]: ci-info: +++++++++++++++++++++++++++Route IPv4 info++++++++++++++++++++++++++++
[   28.234560] cloud-init[1076]: ci-info: +-------+-------------+----------+---------------+-----------+-------+
[   28.234673] cloud-init[1076]: ci-info: | Route | Destination | Gateway  |    Genmask    | Interface | Flags |
[   28.234794] cloud-init[1076]: ci-info: +-------+-------------+----------+---------------+-----------+-------+
[   28.235084] cloud-init[1076]: ci-info: |   0   |   0.0.0.0   | 10.0.2.2 |    0.0.0.0    |   enp0s3  |   UG  |
[   28.235198] cloud-init[1076]: ci-info: |   1   |   10.0.2.0  | 0.0.0.0  | 255.255.255.0 |   enp0s3  |   U   |
[   28.235316] cloud-init[1076]: ci-info: +-------+-------------+----------+---------------+-----------+-------+
[0;32m  OK  [0m] Reached target Cloud-config availability.
         Starting Apply the settings specified in cloud-config...
[[0;32m  OK  [0m] Started OpenBSD Secure Shell server.
[[0;32m  OK  [0m] Started MySQL Community Server.
[[0;32m  OK  [0m] Started /etc/rc.local Compatibility.
[[0;32m  OK  [0m] Started iSCSI initiator daemon (iscsid).
         Starting Login to default iSCSI targets...
[[0;32m  OK  [0m] Started Login to default iSCSI targets.
[[0;32m  OK  [0m] Reached target Remote File Systems (Pre).
[[0;32m  OK  [0m] Reached target Remote File Systems.
[   29.018590] cloud-init[1174]: Cloud-init v. 0.7.7 running 'modules:config' at Fri, 10 Jun 2016 21:15:06 +0000. Up 28.91 seconds.
         Starting LSB: automatic crash report generation...
         Starting LSB: daemon to balance interrupts for SMP systems...
         Starting Permit User Sessions...
         Starting LSB: Set the CPU Frequency Scaling governor to "ondemand"...
         Starting LSB: Apache2 web server...
[[0;32m  OK  [0m] Started Apply the settings specified in cloud-config.
[[0;32m  OK  [0m] Started Permit User Sessions.
[[0;32m  OK  [0m] Created slice User Slice of ubuntu.
         Starting User Manager for UID 1000...
[[0;32m  OK  [0m] Started Session 1 of user ubuntu.
         Starting Terminate Plymouth Boot Screen...
         Starting Hold until boot process finishes up...
         Starting Execute cloud user/final scripts...
[[0;32m  OK  [0m] Started User Manager for UID 1000.
[[0;32m  OK  [0m] Started LSB: automatic crash report generation.
[[0;32m  OK  [0m] Started LSB: daemon to balance interrupts for SMP systems.
[[0;32m  OK  [0m] Started LSB: Set the CPU Frequency Scaling governor to "ondemand".
[[0;32m  OK  [0m] Started Terminate Plymouth Boot Screen.
[[0;32m  OK  [0m] Started Hold until boot process finishes up.
[   29.884750] cloud-init[1275]: Cloud-init v. 0.7.7 running 'modules:final' at Fri, 10 Jun 2016 21:15:07 +0000. Up 29.82 seconds.
[   30.025188] cloud-init[1275]: Cloud-init v. 0.7.7 finished at Fri, 10 Jun 2016 21:15:07 +0000. Datasource DataSourceNoCloudNet [seed=/dev/sdb][dsmode=net].  Up 29.87 seconds
[[0;32m  OK  [0m] Started Execute cloud user/final scripts.
[[0;32m  OK  [0m] Reached target Cloud-init target.
[[0;32m  OK  [0m] Started Serial Getty on ttyS0.
[[0;32m  OK  [0m] Started Getty on tty1.
[[0;32m  OK  [0m] Reached target Login Prompts.
[[0;32m  OK  [0m] Started LSB: Apache2 web server.
[[0;32m  OK  [0m] Reached target Multi-User System.
[[0;32m  OK  [0m] Reached target Graphical Interface.
         Starting Update UTMP about System Runlevel Changes...
[[0;32m  OK  [0m] Started Update UTMP about System Runlevel Changes.

Ubuntu 16.04 LTS ubuntu-xenial ttyS0

ubuntu-xenial login: 